---
source: crates/mod-svg/src/impls.rs
expression: cmap_table
snapshot_kind: text
---
<?xml version="1.0" encoding="UTF-8"?>
<ttFont sfntVersion="\x00\x01\x00\x00" ttLibVersion="4.56">

  <cmap>
    <tableVersion version="0"/>
    <cmap_format_4 platformID="0" platEncID="3" language="0">
      <map code="0x21" name="exclam"/><!-- EXCLAMATION MARK -->
      <map code="0x65" name="e"/><!-- LATIN SMALL LETTER E -->
      <map code="0x66" name="f"/><!-- LATIN SMALL LETTER F -->
      <map code="0x67" name="g"/><!-- LATIN SMALL LETTER G -->
      <map code="0x68" name="h"/><!-- LATIN SMALL LETTER H -->
      <map code="0x6d" name="m"/><!-- LATIN SMALL LETTER M -->
      <map code="0x6e" name="n"/><!-- LATIN SMALL LETTER N -->
      <map code="0x6f" name="o"/><!-- LATIN SMALL LETTER O -->
      <map code="0x70" name="p"/><!-- LATIN SMALL LETTER P -->
    </cmap_format_4>
    <cmap_format_4 platformID="3" platEncID="1" language="0">
      <map code="0x21" name="exclam"/><!-- EXCLAMATION MARK -->
      <map code="0x65" name="e"/><!-- LATIN SMALL LETTER E -->
      <map code="0x66" name="f"/><!-- LATIN SMALL LETTER F -->
      <map code="0x67" name="g"/><!-- LATIN SMALL LETTER G -->
      <map code="0x68" name="h"/><!-- LATIN SMALL LETTER H -->
      <map code="0x6d" name="m"/><!-- LATIN SMALL LETTER M -->
      <map code="0x6e" name="n"/><!-- LATIN SMALL LETTER N -->
      <map code="0x6f" name="o"/><!-- LATIN SMALL LETTER O -->
      <map code="0x70" name="p"/><!-- LATIN SMALL LETTER P -->
    </cmap_format_4>
  </cmap>

</ttFont>
