---
source: crates/mod-svg/src/impls.rs
expression: cmap_table
snapshot_kind: text
---
<?xml version="1.0" encoding="UTF-8"?>
<ttFont sfntVersion="\x00\x01\x00\x00" ttLibVersion="4.56">

  <cmap>
    <tableVersion version="0"/>
    <cmap_format_4 platformID="0" platEncID="3" language="0">
      <map code="0x20" name="space"/><!-- SPACE -->
      <map code="0x61" name="a"/><!-- LATIN SMALL LETTER A -->
      <map code="0x62" name="b"/><!-- LATIN SMALL LETTER B -->
      <map code="0x63" name="c"/><!-- LATIN SMALL LETTER C -->
      <map code="0x64" name="d"/><!-- LATIN SMALL LETTER D -->
      <map code="0x69" name="i"/><!-- LATIN SMALL LETTER I -->
      <map code="0x6a" name="j"/><!-- LATIN SMALL LETTER J -->
      <map code="0x6b" name="k"/><!-- LATIN SMALL LETTER K -->
      <map code="0x6c" name="l"/><!-- LATIN SMALL LETTER L -->
    </cmap_format_4>
    <cmap_format_4 platformID="3" platEncID="1" language="0">
      <map code="0x20" name="space"/><!-- SPACE -->
      <map code="0x61" name="a"/><!-- LATIN SMALL LETTER A -->
      <map code="0x62" name="b"/><!-- LATIN SMALL LETTER B -->
      <map code="0x63" name="c"/><!-- LATIN SMALL LETTER C -->
      <map code="0x64" name="d"/><!-- LATIN SMALL LETTER D -->
      <map code="0x69" name="i"/><!-- LATIN SMALL LETTER I -->
      <map code="0x6a" name="j"/><!-- LATIN SMALL LETTER J -->
      <map code="0x6b" name="k"/><!-- LATIN SMALL LETTER K -->
      <map code="0x6c" name="l"/><!-- LATIN SMALL LETTER L -->
    </cmap_format_4>
  </cmap>

</ttFont>
