---
source: crates/mod-markdown/src/impls.rs
expression: result.toc
snapshot_kind: text
---
[
    TocEntry {
        level: 2,
        text: "The challenges of Rust advocacy",
        slug: "the-challenges-of-rust-advocacy",
    },
    TocEntry {
        level: 2,
        text: "Implicit contracts are everywhere",
        slug: "implicit-contracts-are-everywhere",
    },
    TocEntry {
        level: 2,
        text: "Let’s talk about HTTP headers",
        slug: "let-s-talk-about-http-headers",
    },
    TocEntry {
        level: 2,
        text: "HTTP is only as real as you want it to be",
        slug: "http-is-only-as-real-as-you-want-it-to-be",
    },
    TocEntry {
        level: 2,
        text: "Where have all the good http packages gone?",
        slug: "where-have-all-the-good-http-packages-gone",
    },
    TocEntry {
        level: 2,
        text: "What are we V8ing for? Onwards!",
        slug: "what-are-we-v8ing-for-onwards",
    },
    TocEntry {
        level: 2,
        text: "A bit of TypeScript, as a treat",
        slug: "a-bit-of-typescript-as-a-treat",
    },
    TocEntry {
        level: 2,
        text: "Just gopher it",
        slug: "just-gopher-it",
    },
    TocEntry {
        level: 2,
        text: "Just don’t write bugs!",
        slug: "just-don-t-write-bugs",
    },
    TocEntry {
        level: 2,
        text: "I think we were talking about HTTP?",
        slug: "i-think-we-were-talking-about-http",
    },
    TocEntry {
        level: 2,
        text: "A look at hyper",
        slug: "a-look-at-hyper",
    },
    TocEntry {
        level: 2,
        text: "Enough with the comparisons already",
        slug: "enough-with-the-comparisons-already",
    },
]
