---
source: mods/template/src/prettify_minijinja_errors.rs
expression: prettified
---
[1;90m[34msomething.jinja[90m ────────────────────────────────────────────────────────────────[0m
[90m   2 |[0m             <meta property="twitter:image" content="[32m{{[0m opengraph_image [32m}}[0m">
[90m   3 |[0m 
[90m   4 |[0m             [33m{%[0m if page and page.plain_text [33m%}[0m
[90m   5 >[0m             [33m{%[0m set og_description = page.plain_text | truncate: 180 [33m%}[0m
[90m     i[0m                                                                [33m^[0m[31m syntax error
[90m   6 |[0m             [33m{%[0m else [33m%}[0m
[90m   7 |[0m             [33m{%[0m set og_description = "amos loves to tinker" [33m%}[0m
[90m   8 |[0m             [33m{%[0m endif [33m%}[0m
[90m────────────────────────────────────────────────────────────────────────────────[0m
