---
source: crates/mod-markdown/src/impls.rs
expression: html
snapshot_kind: text
---
<a id="code-example" href="#code-example" class="anchor"><h1>Code Example</h1></a>
<code data-lang="shell" data-bo=16>$ ls -lhA
total 100M
-rw-rw-r-- 1 amos amos 100M Jul  2 20:49 draw.io-21.4.0-windows-installer.exe
</code><a id="after-code-block" href="#after-code-block" class="anchor"><h2>After Code Block</h2></a>
